<html><head><link href="/assets/style.777312cffc01c1457868.css"><script src="/assets/script.666f2b8847021ccc7608.js"></script></head><body>Hello world!</body></html>